2016-10-10-20:43:14+0300 gui_gl.cc:57 - gl_error: 1282

